Log file generated by running test.py

Instance 1:
Length (dynamic programming): 12.741825432217315
Length (brute-force): 12.741825432217315
Time elapsed (dynamic programming): 0.1779613494873047
Time elapsed (brute-force): 156.64676070213318

Instance 2:
Length (dynamic programming): 11.544565018642166
Length (brute-force): 11.544565018642166
Time elapsed (dynamic programming): 0.19929766654968262
Time elapsed (brute-force): 161.41238260269165

Instance 3:
Length (dynamic programming): 12.629001724740906
Length (brute-force): 12.629001724740906
Time elapsed (dynamic programming): 0.26684069633483887
Time elapsed (brute-force): 167.60529017448425

Instance 4:
Length (dynamic programming): 13.652740880086693
Length (brute-force): 13.652740880086693
Time elapsed (dynamic programming): 0.32683229446411133
Time elapsed (brute-force): 179.50533151626587

Instance 5:
Length (dynamic programming): 15.633778801678657
Length (brute-force): 15.633778801678657
Time elapsed (dynamic programming): 0.20841741561889648
Time elapsed (brute-force): 194.98311018943787

Instance 6:
Length (dynamic programming): 5.268034930183304
Length (brute-force): 5.268034930183304
Time elapsed (dynamic programming): 0.00015497207641601562
Time elapsed (brute-force): 5.841255187988281e-05
Observation: the two approaches give inequivalent routes (this is possible but unlikely on a generic set of locations).

